2025-07-11 04:59:56,016 - INFO - [AUDIT] - ===== AUDIT LOG INITIALIZED =====
2025-07-11 04:59:56,016 - INFO - [AUDIT] - Safety Thresholds: {"soc_low": 0.18, "soc_critical": 0.12, "vbus_low": 25.5, "ang_vel_high": 0.35, "attitude_error_high": 0.15707963267948966, "gyro_bias_suspected_error": 0.013962634015954637, "temp_a_low": 6.0, "temp_a_high": 44.0, "temp_a_critical_low": -8.0, "temp_a_critical_high": 58.0}
2025-07-11 04:59:56,016 - INFO - [AUDIT] - ===== AUDIT LOG INITIALIZED =====
2025-07-11 04:59:56,016 - INFO - [AUDIT] - ===== AUDIT LOG INITIALIZED =====
2025-07-11 04:59:56,016 - INFO - [AUDIT] - Safety Thresholds: {"soc_low": 0.18, "soc_critical": 0.12, "vbus_low": 25.5, "ang_vel_high": 0.35, "attitude_error_high": 0.15707963267948966, "gyro_bias_suspected_error": 0.013962634015954637, "temp_a_low": 6.0, "temp_a_high": 44.0, "temp_a_critical_low": -8.0, "temp_a_critical_high": 58.0}
2025-07-11 04:59:56,016 - INFO - [AUDIT] - Safety Thresholds: {"soc_low": 0.18, "soc_critical": 0.12, "vbus_low": 25.5, "ang_vel_high": 0.35, "attitude_error_high": 0.15707963267948966, "gyro_bias_suspected_error": 0.013962634015954637, "temp_a_low": 6.0, "temp_a_high": 44.0, "temp_a_critical_low": -8.0, "temp_a_critical_high": 58.0}
2025-07-11 04:59:56,022 - INFO - [AUDIT] - Rule Activated: CRITICAL_VOLTAGE, Reason: Bus voltage below threshold: 0.12 < 25.50
2025-07-11 04:59:56,022 - INFO - [AUDIT] - Rule Activated: CRITICAL_VOLTAGE, Reason: Bus voltage below threshold: 0.12 < 25.50
2025-07-11 04:59:56,022 - INFO - [AUDIT] - Decision: RECOVER_EPS, Reason: Critical voltage, Mode: Nominal
2025-07-11 04:59:56,022 - INFO - [AUDIT] - Decision: RECOVER_EPS, Reason: Critical voltage, Mode: Nominal
2025-07-11 04:59:56,022 - INFO - [AUDIT] - Rule Activated: CRITICAL_VOLTAGE, Reason: Bus voltage below threshold: 0.12 < 25.50
2025-07-11 04:59:56,022 - INFO - [AUDIT] - Rule Activated: CRITICAL_VOLTAGE, Reason: Bus voltage below threshold: 0.12 < 25.50
2025-07-11 04:59:56,022 - INFO - [AUDIT] - Decision: RECOVER_EPS, Reason: Critical voltage, Mode: Nominal
2025-07-11 04:59:56,022 - INFO - [AUDIT] - Decision: RECOVER_EPS, Reason: Critical voltage, Mode: Nominal
2025-07-11 04:59:56,022 - INFO - [AUDIT] - Rule Activated: CRITICAL_VOLTAGE, Reason: Bus voltage below threshold: 0.10 < 25.50
2025-07-11 04:59:56,022 - INFO - [AUDIT] - Rule Activated: CRITICAL_VOLTAGE, Reason: Bus voltage below threshold: 0.10 < 25.50
2025-07-11 04:59:56,022 - INFO - [AUDIT] - Decision: RECOVER_EPS, Reason: Critical voltage, Mode: Nominal
2025-07-11 04:59:56,022 - INFO - [AUDIT] - Decision: RECOVER_EPS, Reason: Critical voltage, Mode: Nominal
2025-07-11 04:59:56,022 - INFO - [AUDIT] - Rule Activated: CRITICAL_VOLTAGE, Reason: Bus voltage below threshold: 0.10 < 25.50
2025-07-11 04:59:56,022 - INFO - [AUDIT] - Rule Activated: CRITICAL_VOLTAGE, Reason: Bus voltage below threshold: 0.10 < 25.50
2025-07-11 04:59:56,023 - INFO - [AUDIT] - Decision: RECOVER_EPS, Reason: Critical voltage, Mode: Nominal
2025-07-11 04:59:56,023 - INFO - [AUDIT] - Decision: RECOVER_EPS, Reason: Critical voltage, Mode: Nominal
2025-07-11 04:59:56,023 - INFO - [AUDIT] - Rule Activated: CRITICAL_VOLTAGE, Reason: Bus voltage below threshold: 0.11 < 25.50
2025-07-11 04:59:56,023 - INFO - [AUDIT] - Rule Activated: CRITICAL_VOLTAGE, Reason: Bus voltage below threshold: 0.11 < 25.50
2025-07-11 04:59:56,023 - INFO - [AUDIT] - Decision: RECOVER_EPS, Reason: Critical voltage, Mode: Nominal
2025-07-11 04:59:56,023 - INFO - [AUDIT] - Decision: RECOVER_EPS, Reason: Critical voltage, Mode: Nominal
2025-07-11 04:59:56,023 - INFO - [AUDIT] - Rule Activated: CRITICAL_VOLTAGE, Reason: Bus voltage below threshold: 0.11 < 25.50
2025-07-11 04:59:56,023 - INFO - [AUDIT] - Rule Activated: CRITICAL_VOLTAGE, Reason: Bus voltage below threshold: 0.11 < 25.50
2025-07-11 04:59:56,023 - INFO - [AUDIT] - Decision: RECOVER_EPS, Reason: Critical voltage, Mode: Nominal
2025-07-11 04:59:56,023 - INFO - [AUDIT] - Decision: RECOVER_EPS, Reason: Critical voltage, Mode: Nominal
2025-07-11 04:59:56,023 - INFO - [AUDIT] - Rule Activated: CRITICAL_VOLTAGE, Reason: Bus voltage below threshold: 0.13 < 25.50
2025-07-11 04:59:56,023 - INFO - [AUDIT] - Rule Activated: CRITICAL_VOLTAGE, Reason: Bus voltage below threshold: 0.13 < 25.50
2025-07-11 04:59:56,023 - INFO - [AUDIT] - Decision: RECOVER_EPS, Reason: Critical voltage, Mode: Nominal
2025-07-11 04:59:56,023 - INFO - [AUDIT] - Decision: RECOVER_EPS, Reason: Critical voltage, Mode: Nominal
2025-07-11 04:59:56,023 - INFO - [AUDIT] - Rule Activated: CRITICAL_VOLTAGE, Reason: Bus voltage below threshold: 0.13 < 25.50
2025-07-11 04:59:56,023 - INFO - [AUDIT] - Rule Activated: CRITICAL_VOLTAGE, Reason: Bus voltage below threshold: 0.13 < 25.50
2025-07-11 04:59:56,023 - INFO - [AUDIT] - Decision: RECOVER_EPS, Reason: Critical voltage, Mode: Nominal
2025-07-11 04:59:56,023 - INFO - [AUDIT] - Decision: RECOVER_EPS, Reason: Critical voltage, Mode: Nominal
2025-07-11 04:59:56,023 - INFO - [AUDIT] - Rule Activated: CRITICAL_VOLTAGE, Reason: Bus voltage below threshold: 0.09 < 25.50
2025-07-11 04:59:56,023 - INFO - [AUDIT] - Rule Activated: CRITICAL_VOLTAGE, Reason: Bus voltage below threshold: 0.09 < 25.50
2025-07-11 04:59:56,023 - INFO - [AUDIT] - Decision: RECOVER_EPS, Reason: Critical voltage, Mode: Nominal
2025-07-11 04:59:56,023 - INFO - [AUDIT] - Decision: RECOVER_EPS, Reason: Critical voltage, Mode: Nominal
2025-07-11 04:59:56,023 - INFO - [AUDIT] - Rule Activated: CRITICAL_VOLTAGE, Reason: Bus voltage below threshold: 0.09 < 25.50
2025-07-11 04:59:56,023 - INFO - [AUDIT] - Rule Activated: CRITICAL_VOLTAGE, Reason: Bus voltage below threshold: 0.09 < 25.50
2025-07-11 04:59:56,023 - INFO - [AUDIT] - Decision: RECOVER_EPS, Reason: Critical voltage, Mode: Nominal
2025-07-11 04:59:56,023 - INFO - [AUDIT] - Decision: RECOVER_EPS, Reason: Critical voltage, Mode: Nominal
2025-07-11 04:59:56,023 - INFO - [AUDIT] - Rule Activated: CRITICAL_VOLTAGE, Reason: Bus voltage below threshold: 0.08 < 25.50
2025-07-11 04:59:56,023 - INFO - [AUDIT] - Rule Activated: CRITICAL_VOLTAGE, Reason: Bus voltage below threshold: 0.08 < 25.50
2025-07-11 04:59:56,023 - ERROR - [AUDIT] - Assertion Failure: Critical temperatures must trigger thermal recovery, Details: {'temp': 63.0, 'selected_action': 'RECOVER_EPS'}
2025-07-11 04:59:56,023 - ERROR - [AUDIT] - Assertion Failure: Critical temperatures must trigger thermal recovery, Details: {'temp': 63.0, 'selected_action': 'RECOVER_EPS'}
2025-07-11 04:59:56,023 - INFO - [AUDIT] - Decision: RECOVER_EPS, Reason: Critical voltage, Mode: Nominal
2025-07-11 04:59:56,023 - INFO - [AUDIT] - Decision: RECOVER_EPS, Reason: Critical voltage, Mode: Nominal
2025-07-11 04:59:56,023 - INFO - [AUDIT] - Rule Activated: CRITICAL_VOLTAGE, Reason: Bus voltage below threshold: 0.08 < 25.50
2025-07-11 04:59:56,023 - INFO - [AUDIT] - Rule Activated: CRITICAL_VOLTAGE, Reason: Bus voltage below threshold: 0.08 < 25.50
2025-07-11 04:59:56,023 - ERROR - [AUDIT] - Assertion Failure: Critical temperatures must trigger thermal recovery, Details: {'temp': 63.0, 'selected_action': 'RECOVER_EPS'}
2025-07-11 04:59:56,023 - ERROR - [AUDIT] - Assertion Failure: Critical temperatures must trigger thermal recovery, Details: {'temp': 63.0, 'selected_action': 'RECOVER_EPS'}
2025-07-11 04:59:56,023 - INFO - [AUDIT] - Decision: RECOVER_EPS, Reason: Critical voltage, Mode: Nominal
2025-07-11 04:59:56,023 - INFO - [AUDIT] - Decision: RECOVER_EPS, Reason: Critical voltage, Mode: Nominal
2025-07-11 04:59:56,024 - INFO - [AUDIT] - Rule Activated: CRITICAL_VOLTAGE, Reason: Bus voltage below threshold: 0.10 < 25.50
2025-07-11 04:59:56,024 - INFO - [AUDIT] - Rule Activated: CRITICAL_VOLTAGE, Reason: Bus voltage below threshold: 0.10 < 25.50
2025-07-11 04:59:56,024 - INFO - [AUDIT] - Decision: RECOVER_EPS, Reason: Critical voltage, Mode: Nominal
2025-07-11 04:59:56,024 - INFO - [AUDIT] - Decision: RECOVER_EPS, Reason: Critical voltage, Mode: Nominal
2025-07-11 04:59:56,024 - INFO - [AUDIT] - Rule Activated: CRITICAL_VOLTAGE, Reason: Bus voltage below threshold: 0.10 < 25.50
2025-07-11 04:59:56,024 - INFO - [AUDIT] - Rule Activated: CRITICAL_VOLTAGE, Reason: Bus voltage below threshold: 0.10 < 25.50
2025-07-11 04:59:56,024 - INFO - [AUDIT] - Decision: RECOVER_EPS, Reason: Critical voltage, Mode: Nominal
2025-07-11 04:59:56,024 - INFO - [AUDIT] - Decision: RECOVER_EPS, Reason: Critical voltage, Mode: Nominal
2025-07-11 04:59:56,024 - INFO - [AUDIT] - Rule Activated: CRITICAL_VOLTAGE, Reason: Bus voltage below threshold: 0.10 < 25.50
2025-07-11 04:59:56,024 - INFO - [AUDIT] - Rule Activated: CRITICAL_VOLTAGE, Reason: Bus voltage below threshold: 0.10 < 25.50
2025-07-11 04:59:56,024 - INFO - [AUDIT] - Decision: RECOVER_EPS, Reason: Critical voltage, Mode: Nominal
2025-07-11 04:59:56,024 - INFO - [AUDIT] - Decision: RECOVER_EPS, Reason: Critical voltage, Mode: Nominal
2025-07-11 04:59:56,024 - INFO - [AUDIT] - Rule Activated: CRITICAL_VOLTAGE, Reason: Bus voltage below threshold: 0.10 < 25.50
2025-07-11 04:59:56,024 - INFO - [AUDIT] - Rule Activated: CRITICAL_VOLTAGE, Reason: Bus voltage below threshold: 0.10 < 25.50
2025-07-11 04:59:56,024 - INFO - [AUDIT] - Decision: RECOVER_EPS, Reason: Critical voltage, Mode: Nominal
2025-07-11 04:59:56,024 - INFO - [AUDIT] - Decision: RECOVER_EPS, Reason: Critical voltage, Mode: Nominal
2025-07-11 04:59:56,024 - INFO - [AUDIT] - Rule Activated: CRITICAL_VOLTAGE, Reason: Bus voltage below threshold: 0.10 < 25.50
2025-07-11 04:59:56,024 - INFO - [AUDIT] - Rule Activated: CRITICAL_VOLTAGE, Reason: Bus voltage below threshold: 0.10 < 25.50
2025-07-11 04:59:56,024 - INFO - [AUDIT] - Decision: RECOVER_EPS, Reason: Critical voltage, Mode: Nominal
2025-07-11 04:59:56,024 - INFO - [AUDIT] - Decision: RECOVER_EPS, Reason: Critical voltage, Mode: Nominal
