2025-07-11 04:26:03,375 - INFO - [AUDIT] - ===== AUDIT LOG INITIALIZED =====
2025-07-11 04:26:03,375 - INFO - [AUDIT] - Safety Thresholds: {"soc_low": 0.18, "soc_critical": 0.12, "vbus_low": 25.5, "ang_vel_high": 0.35, "attitude_error_high": 0.15707963267948966, "gyro_bias_suspected_error": 0.013962634015954637, "temp_a_low": 6.0, "temp_a_high": 44.0, "temp_a_critical_low": -8.0, "temp_a_critical_high": 58.0}
2025-07-11 04:26:03,379 - INFO - [AUDIT] - Rule Activated: CRITICAL_VOLTAGE, Reason: Bus voltage below threshold: 0.00 < 25.50
2025-07-11 04:26:03,379 - INFO - [AUDIT] - Decision: RECOVER_EPS, Reason: Critical voltage, Mode: Nominal
2025-07-11 04:26:03,380 - INFO - [AUDIT] - Rule Activated: CRITICAL_VOLTAGE, Reason: Bus voltage below threshold: 0.18 < 25.50
2025-07-11 04:26:03,380 - INFO - [AUDIT] - Decision: RECOVER_EPS, Reason: Critical voltage, Mode: Nominal
2025-07-11 04:26:03,380 - INFO - [AUDIT] - Rule Activated: CRITICAL_VOLTAGE, Reason: Bus voltage below threshold: 0.18 < 25.50
2025-07-11 04:26:03,381 - INFO - [AUDIT] - Decision: RECOVER_EPS, Reason: Critical voltage, Mode: Nominal
2025-07-11 04:26:03,381 - INFO - [AUDIT] - Rule Activated: CRITICAL_VOLTAGE, Reason: Bus voltage below threshold: 0.18 < 25.50
2025-07-11 04:26:03,381 - INFO - [AUDIT] - Decision: RECOVER_EPS, Reason: Critical voltage, Mode: Nominal
2025-07-11 04:26:03,381 - INFO - [AUDIT] - Rule Activated: CRITICAL_VOLTAGE, Reason: Bus voltage below threshold: 0.18 < 25.50
2025-07-11 04:26:03,381 - INFO - [AUDIT] - Decision: RECOVER_EPS, Reason: Critical voltage, Mode: Nominal
2025-07-11 04:26:03,381 - INFO - [AUDIT] - Rule Activated: CRITICAL_VOLTAGE, Reason: Bus voltage below threshold: 0.18 < 25.50
2025-07-11 04:26:03,381 - INFO - [AUDIT] - Decision: RECOVER_EPS, Reason: Critical voltage, Mode: Nominal
2025-07-11 04:26:03,382 - INFO - [AUDIT] - Rule Activated: CRITICAL_VOLTAGE, Reason: Bus voltage below threshold: 0.18 < 25.50
2025-07-11 04:26:03,382 - INFO - [AUDIT] - Decision: RECOVER_EPS, Reason: Critical voltage, Mode: Nominal
2025-07-11 04:26:03,387 - INFO - [AUDIT] - Rule Activated: CRITICAL_VOLTAGE, Reason: Bus voltage below threshold: 0.18 < 25.50
2025-07-11 04:26:03,387 - INFO - [AUDIT] - Decision: RECOVER_EPS, Reason: Critical voltage, Mode: Nominal
2025-07-11 04:26:03,388 - INFO - [AUDIT] - Rule Activated: CRITICAL_VOLTAGE, Reason: Bus voltage below threshold: 0.18 < 25.50
2025-07-11 04:26:03,388 - INFO - [AUDIT] - Decision: RECOVER_EPS, Reason: Critical voltage, Mode: Nominal
2025-07-11 04:26:03,388 - INFO - [AUDIT] - Rule Activated: CRITICAL_VOLTAGE, Reason: Bus voltage below threshold: 0.18 < 25.50
2025-07-11 04:26:03,390 - INFO - [AUDIT] - Decision: RECOVER_EPS, Reason: Critical voltage, Mode: Nominal
2025-07-11 04:26:03,390 - INFO - [AUDIT] - Rule Activated: CRITICAL_VOLTAGE, Reason: Bus voltage below threshold: 0.18 < 25.50
2025-07-11 04:26:03,390 - INFO - [AUDIT] - Decision: RECOVER_EPS, Reason: Critical voltage, Mode: Nominal
2025-07-11 04:26:03,391 - INFO - [AUDIT] - Rule Activated: CRITICAL_VOLTAGE, Reason: Bus voltage below threshold: 0.18 < 25.50
2025-07-11 04:26:03,391 - INFO - [AUDIT] - Decision: RECOVER_EPS, Reason: Critical voltage, Mode: Nominal
2025-07-11 04:26:03,393 - INFO - [AUDIT] - Rule Activated: CRITICAL_VOLTAGE, Reason: Bus voltage below threshold: 0.18 < 25.50
2025-07-11 04:26:03,393 - INFO - [AUDIT] - Decision: RECOVER_EPS, Reason: Critical voltage, Mode: Nominal
2025-07-11 04:26:03,394 - INFO - [AUDIT] - Rule Activated: CRITICAL_VOLTAGE, Reason: Bus voltage below threshold: 0.18 < 25.50
2025-07-11 04:26:03,394 - INFO - [AUDIT] - Decision: RECOVER_EPS, Reason: Critical voltage, Mode: Nominal
2025-07-11 04:26:03,394 - INFO - [AUDIT] - Rule Activated: CRITICAL_VOLTAGE, Reason: Bus voltage below threshold: 0.18 < 25.50
2025-07-11 04:26:03,394 - INFO - [AUDIT] - Decision: RECOVER_EPS, Reason: Critical voltage, Mode: Nominal
2025-07-11 04:26:03,395 - INFO - [AUDIT] - Rule Activated: CRITICAL_VOLTAGE, Reason: Bus voltage below threshold: 0.18 < 25.50
2025-07-11 04:26:03,395 - INFO - [AUDIT] - Decision: RECOVER_EPS, Reason: Critical voltage, Mode: Nominal
2025-07-11 04:26:03,395 - INFO - [AUDIT] - Rule Activated: CRITICAL_VOLTAGE, Reason: Bus voltage below threshold: 0.18 < 25.50
2025-07-11 04:26:03,395 - INFO - [AUDIT] - Decision: RECOVER_EPS, Reason: Critical voltage, Mode: Nominal
2025-07-11 04:26:03,398 - INFO - [AUDIT] - Rule Activated: CRITICAL_VOLTAGE, Reason: Bus voltage below threshold: 0.18 < 25.50
2025-07-11 04:26:03,398 - INFO - [AUDIT] - Decision: RECOVER_EPS, Reason: Critical voltage, Mode: Nominal
2025-07-11 04:26:03,398 - INFO - [AUDIT] - Rule Activated: CRITICAL_VOLTAGE, Reason: Bus voltage below threshold: 0.18 < 25.50
2025-07-11 04:26:03,398 - INFO - [AUDIT] - Decision: RECOVER_EPS, Reason: Critical voltage, Mode: Nominal
2025-07-11 04:26:03,398 - INFO - [AUDIT] - Rule Activated: CRITICAL_VOLTAGE, Reason: Bus voltage below threshold: 0.18 < 25.50
2025-07-11 04:26:03,402 - INFO - [AUDIT] - Decision: RECOVER_EPS, Reason: Critical voltage, Mode: Nominal
2025-07-11 04:26:03,402 - INFO - [AUDIT] - Rule Activated: CRITICAL_VOLTAGE, Reason: Bus voltage below threshold: 0.18 < 25.50
2025-07-11 04:26:03,402 - INFO - [AUDIT] - Decision: RECOVER_EPS, Reason: Critical voltage, Mode: Nominal
2025-07-11 04:26:03,405 - INFO - [AUDIT] - Rule Activated: CRITICAL_VOLTAGE, Reason: Bus voltage below threshold: 0.18 < 25.50
2025-07-11 04:26:03,405 - INFO - [AUDIT] - Decision: RECOVER_EPS, Reason: Critical voltage, Mode: Nominal
2025-07-11 04:26:03,406 - INFO - [AUDIT] - Rule Activated: CRITICAL_VOLTAGE, Reason: Bus voltage below threshold: 0.18 < 25.50
2025-07-11 04:26:03,406 - INFO - [AUDIT] - Decision: RECOVER_EPS, Reason: Critical voltage, Mode: Nominal
2025-07-11 04:26:03,406 - INFO - [AUDIT] - Rule Activated: CRITICAL_VOLTAGE, Reason: Bus voltage below threshold: 0.18 < 25.50
2025-07-11 04:26:03,406 - INFO - [AUDIT] - Decision: RECOVER_EPS, Reason: Critical voltage, Mode: Nominal
2025-07-11 04:26:03,406 - INFO - [AUDIT] - Rule Activated: CRITICAL_VOLTAGE, Reason: Bus voltage below threshold: 0.18 < 25.50
2025-07-11 04:26:03,418 - INFO - [AUDIT] - Decision: RECOVER_EPS, Reason: Critical voltage, Mode: Nominal
2025-07-11 04:26:03,419 - INFO - [AUDIT] - Rule Activated: CRITICAL_VOLTAGE, Reason: Bus voltage below threshold: 0.18 < 25.50
2025-07-11 04:26:03,419 - INFO - [AUDIT] - Decision: RECOVER_EPS, Reason: Critical voltage, Mode: Nominal
2025-07-11 04:26:03,419 - INFO - [AUDIT] - Rule Activated: CRITICAL_VOLTAGE, Reason: Bus voltage below threshold: 0.18 < 25.50
2025-07-11 04:26:03,419 - INFO - [AUDIT] - Decision: RECOVER_EPS, Reason: Critical voltage, Mode: Nominal
2025-07-11 04:26:03,419 - INFO - [AUDIT] - Rule Activated: CRITICAL_VOLTAGE, Reason: Bus voltage below threshold: 0.18 < 25.50
2025-07-11 04:26:03,419 - INFO - [AUDIT] - Decision: RECOVER_EPS, Reason: Critical voltage, Mode: Nominal
2025-07-11 04:26:03,419 - INFO - [AUDIT] - Rule Activated: CRITICAL_VOLTAGE, Reason: Bus voltage below threshold: 0.18 < 25.50
2025-07-11 04:26:03,419 - INFO - [AUDIT] - Decision: RECOVER_EPS, Reason: Critical voltage, Mode: Nominal
2025-07-11 04:26:03,419 - INFO - [AUDIT] - Rule Activated: CRITICAL_VOLTAGE, Reason: Bus voltage below threshold: 0.18 < 25.50
2025-07-11 04:26:03,419 - INFO - [AUDIT] - Decision: RECOVER_EPS, Reason: Critical voltage, Mode: Nominal
2025-07-11 04:26:03,420 - INFO - [AUDIT] - Rule Activated: CRITICAL_VOLTAGE, Reason: Bus voltage below threshold: 0.18 < 25.50
2025-07-11 04:26:03,420 - INFO - [AUDIT] - Decision: RECOVER_EPS, Reason: Critical voltage, Mode: Nominal
2025-07-11 04:26:03,420 - INFO - [AUDIT] - Rule Activated: CRITICAL_VOLTAGE, Reason: Bus voltage below threshold: 0.18 < 25.50
2025-07-11 04:26:03,420 - INFO - [AUDIT] - Decision: RECOVER_EPS, Reason: Critical voltage, Mode: Nominal
2025-07-11 04:26:03,420 - INFO - [AUDIT] - Rule Activated: CRITICAL_VOLTAGE, Reason: Bus voltage below threshold: 0.18 < 25.50
2025-07-11 04:26:03,420 - INFO - [AUDIT] - Decision: RECOVER_EPS, Reason: Critical voltage, Mode: Nominal
2025-07-11 04:26:03,421 - INFO - [AUDIT] - Rule Activated: CRITICAL_VOLTAGE, Reason: Bus voltage below threshold: 0.18 < 25.50
2025-07-11 04:26:03,421 - INFO - [AUDIT] - Decision: RECOVER_EPS, Reason: Critical voltage, Mode: Nominal
2025-07-11 04:26:03,421 - INFO - [AUDIT] - Rule Activated: CRITICAL_VOLTAGE, Reason: Bus voltage below threshold: 0.18 < 25.50
2025-07-11 04:26:03,421 - INFO - [AUDIT] - Decision: RECOVER_EPS, Reason: Critical voltage, Mode: Nominal
2025-07-11 04:26:03,422 - INFO - [AUDIT] - Rule Activated: CRITICAL_VOLTAGE, Reason: Bus voltage below threshold: 0.18 < 25.50
2025-07-11 04:26:03,422 - INFO - [AUDIT] - Decision: RECOVER_EPS, Reason: Critical voltage, Mode: Nominal
2025-07-11 04:26:03,422 - INFO - [AUDIT] - Rule Activated: CRITICAL_VOLTAGE, Reason: Bus voltage below threshold: 0.18 < 25.50
2025-07-11 04:26:03,422 - INFO - [AUDIT] - Decision: RECOVER_EPS, Reason: Critical voltage, Mode: Nominal
2025-07-11 04:26:03,423 - INFO - [AUDIT] - Rule Activated: CRITICAL_VOLTAGE, Reason: Bus voltage below threshold: 0.18 < 25.50
2025-07-11 04:26:03,423 - INFO - [AUDIT] - Decision: RECOVER_EPS, Reason: Critical voltage, Mode: Nominal
2025-07-11 04:26:03,423 - INFO - [AUDIT] - Rule Activated: CRITICAL_VOLTAGE, Reason: Bus voltage below threshold: 0.18 < 25.50
2025-07-11 04:26:03,423 - INFO - [AUDIT] - Decision: RECOVER_EPS, Reason: Critical voltage, Mode: Nominal
2025-07-11 04:26:03,424 - INFO - [AUDIT] - Rule Activated: CRITICAL_VOLTAGE, Reason: Bus voltage below threshold: 0.18 < 25.50
2025-07-11 04:26:03,424 - INFO - [AUDIT] - Decision: RECOVER_EPS, Reason: Critical voltage, Mode: Nominal
2025-07-11 04:26:03,424 - INFO - [AUDIT] - Rule Activated: CRITICAL_VOLTAGE, Reason: Bus voltage below threshold: 0.18 < 25.50
2025-07-11 04:26:03,424 - INFO - [AUDIT] - Decision: RECOVER_EPS, Reason: Critical voltage, Mode: Nominal
2025-07-11 04:26:03,433 - INFO - [AUDIT] - Rule Activated: CRITICAL_VOLTAGE, Reason: Bus voltage below threshold: 0.18 < 25.50
2025-07-11 04:26:03,433 - INFO - [AUDIT] - Decision: RECOVER_EPS, Reason: Critical voltage, Mode: Nominal
2025-07-11 04:26:03,433 - INFO - [AUDIT] - Rule Activated: CRITICAL_VOLTAGE, Reason: Bus voltage below threshold: 0.18 < 25.50
2025-07-11 04:26:03,437 - INFO - [AUDIT] - Decision: RECOVER_EPS, Reason: Critical voltage, Mode: Nominal
2025-07-11 04:26:03,438 - INFO - [AUDIT] - Rule Activated: CRITICAL_VOLTAGE, Reason: Bus voltage below threshold: 0.18 < 25.50
2025-07-11 04:26:03,439 - INFO - [AUDIT] - Decision: RECOVER_EPS, Reason: Critical voltage, Mode: Nominal
2025-07-11 04:26:03,439 - INFO - [AUDIT] - Rule Activated: CRITICAL_VOLTAGE, Reason: Bus voltage below threshold: 0.18 < 25.50
2025-07-11 04:26:03,445 - INFO - [AUDIT] - Decision: RECOVER_EPS, Reason: Critical voltage, Mode: Nominal
2025-07-11 04:26:03,446 - INFO - [AUDIT] - Rule Activated: CRITICAL_VOLTAGE, Reason: Bus voltage below threshold: 0.18 < 25.50
2025-07-11 04:26:03,446 - INFO - [AUDIT] - Decision: RECOVER_EPS, Reason: Critical voltage, Mode: Nominal
2025-07-11 04:26:03,446 - INFO - [AUDIT] - Rule Activated: CRITICAL_VOLTAGE, Reason: Bus voltage below threshold: 0.18 < 25.50
2025-07-11 04:26:03,446 - INFO - [AUDIT] - Decision: RECOVER_EPS, Reason: Critical voltage, Mode: Nominal
2025-07-11 04:26:03,447 - INFO - [AUDIT] - Rule Activated: CRITICAL_VOLTAGE, Reason: Bus voltage below threshold: 0.18 < 25.50
2025-07-11 04:26:03,447 - INFO - [AUDIT] - Decision: RECOVER_EPS, Reason: Critical voltage, Mode: Nominal
2025-07-11 04:26:03,447 - INFO - [AUDIT] - Rule Activated: CRITICAL_VOLTAGE, Reason: Bus voltage below threshold: 0.18 < 25.50
2025-07-11 04:26:03,447 - INFO - [AUDIT] - Decision: RECOVER_EPS, Reason: Critical voltage, Mode: Nominal
2025-07-11 04:26:03,447 - INFO - [AUDIT] - Rule Activated: CRITICAL_VOLTAGE, Reason: Bus voltage below threshold: 0.18 < 25.50
2025-07-11 04:26:03,447 - INFO - [AUDIT] - Decision: RECOVER_EPS, Reason: Critical voltage, Mode: Nominal
2025-07-11 04:26:03,448 - INFO - [AUDIT] - Rule Activated: CRITICAL_VOLTAGE, Reason: Bus voltage below threshold: 0.00 < 25.50
2025-07-11 04:26:03,448 - INFO - [AUDIT] - Decision: RECOVER_EPS, Reason: Critical voltage, Mode: Nominal
2025-07-11 04:26:03,448 - INFO - [AUDIT] - Rule Activated: CRITICAL_VOLTAGE, Reason: Bus voltage below threshold: 0.18 < 25.50
2025-07-11 04:26:03,448 - INFO - [AUDIT] - Decision: RECOVER_EPS, Reason: Critical voltage, Mode: Nominal
2025-07-11 04:26:03,449 - INFO - [AUDIT] - Rule Activated: CRITICAL_VOLTAGE, Reason: Bus voltage below threshold: 0.18 < 25.50
2025-07-11 04:26:03,449 - INFO - [AUDIT] - Decision: RECOVER_EPS, Reason: Critical voltage, Mode: Nominal
2025-07-11 04:26:03,449 - INFO - [AUDIT] - Rule Activated: CRITICAL_VOLTAGE, Reason: Bus voltage below threshold: 0.18 < 25.50
2025-07-11 04:26:03,449 - INFO - [AUDIT] - Decision: RECOVER_EPS, Reason: Critical voltage, Mode: Nominal
2025-07-11 04:26:03,449 - INFO - [AUDIT] - Rule Activated: CRITICAL_VOLTAGE, Reason: Bus voltage below threshold: 0.18 < 25.50
2025-07-11 04:26:03,449 - INFO - [AUDIT] - Decision: RECOVER_EPS, Reason: Critical voltage, Mode: Nominal
2025-07-11 04:26:03,450 - INFO - [AUDIT] - Rule Activated: CRITICAL_VOLTAGE, Reason: Bus voltage below threshold: 0.18 < 25.50
2025-07-11 04:26:03,450 - INFO - [AUDIT] - Decision: RECOVER_EPS, Reason: Critical voltage, Mode: Nominal
2025-07-11 04:26:03,450 - INFO - [AUDIT] - Rule Activated: CRITICAL_VOLTAGE, Reason: Bus voltage below threshold: 0.18 < 25.50
2025-07-11 04:26:03,450 - INFO - [AUDIT] - Decision: RECOVER_EPS, Reason: Critical voltage, Mode: Nominal
2025-07-11 04:26:03,450 - INFO - [AUDIT] - Rule Activated: CRITICAL_VOLTAGE, Reason: Bus voltage below threshold: 0.18 < 25.50
2025-07-11 04:26:03,450 - INFO - [AUDIT] - Decision: RECOVER_EPS, Reason: Critical voltage, Mode: Nominal
2025-07-11 04:26:03,450 - INFO - [AUDIT] - Rule Activated: CRITICAL_VOLTAGE, Reason: Bus voltage below threshold: 0.18 < 25.50
2025-07-11 04:26:03,450 - INFO - [AUDIT] - Decision: RECOVER_EPS, Reason: Critical voltage, Mode: Nominal
2025-07-11 04:26:03,451 - INFO - [AUDIT] - Rule Activated: CRITICAL_VOLTAGE, Reason: Bus voltage below threshold: 0.18 < 25.50
2025-07-11 04:26:03,451 - INFO - [AUDIT] - Decision: RECOVER_EPS, Reason: Critical voltage, Mode: Nominal
2025-07-11 04:26:03,451 - INFO - [AUDIT] - Rule Activated: CRITICAL_VOLTAGE, Reason: Bus voltage below threshold: 0.18 < 25.50
2025-07-11 04:26:03,451 - INFO - [AUDIT] - Decision: RECOVER_EPS, Reason: Critical voltage, Mode: Nominal
2025-07-11 04:26:03,451 - INFO - [AUDIT] - Rule Activated: CRITICAL_VOLTAGE, Reason: Bus voltage below threshold: 0.18 < 25.50
2025-07-11 04:26:03,451 - INFO - [AUDIT] - Decision: RECOVER_EPS, Reason: Critical voltage, Mode: Nominal
2025-07-11 04:26:03,451 - INFO - [AUDIT] - Rule Activated: CRITICAL_VOLTAGE, Reason: Bus voltage below threshold: 0.18 < 25.50
2025-07-11 04:26:03,451 - INFO - [AUDIT] - Decision: RECOVER_EPS, Reason: Critical voltage, Mode: Nominal
2025-07-11 04:26:03,451 - INFO - [AUDIT] - Rule Activated: CRITICAL_VOLTAGE, Reason: Bus voltage below threshold: 0.18 < 25.50
2025-07-11 04:26:03,451 - INFO - [AUDIT] - Decision: RECOVER_EPS, Reason: Critical voltage, Mode: Nominal
2025-07-11 04:26:03,452 - INFO - [AUDIT] - Rule Activated: CRITICAL_VOLTAGE, Reason: Bus voltage below threshold: 0.18 < 25.50
2025-07-11 04:26:03,452 - INFO - [AUDIT] - Decision: RECOVER_EPS, Reason: Critical voltage, Mode: Nominal
2025-07-11 04:26:03,452 - INFO - [AUDIT] - Rule Activated: CRITICAL_VOLTAGE, Reason: Bus voltage below threshold: 0.18 < 25.50
2025-07-11 04:26:03,452 - INFO - [AUDIT] - Decision: RECOVER_EPS, Reason: Critical voltage, Mode: Nominal
2025-07-11 04:26:03,452 - INFO - [AUDIT] - Rule Activated: CRITICAL_VOLTAGE, Reason: Bus voltage below threshold: 0.18 < 25.50
2025-07-11 04:26:03,452 - INFO - [AUDIT] - Decision: RECOVER_EPS, Reason: Critical voltage, Mode: Nominal
2025-07-11 04:26:03,452 - INFO - [AUDIT] - Rule Activated: CRITICAL_VOLTAGE, Reason: Bus voltage below threshold: 0.18 < 25.50
2025-07-11 04:26:03,452 - INFO - [AUDIT] - Decision: RECOVER_EPS, Reason: Critical voltage, Mode: Nominal
2025-07-11 04:26:03,453 - INFO - [AUDIT] - Rule Activated: CRITICAL_VOLTAGE, Reason: Bus voltage below threshold: 0.18 < 25.50
2025-07-11 04:26:03,453 - INFO - [AUDIT] - Decision: RECOVER_EPS, Reason: Critical voltage, Mode: Nominal
2025-07-11 04:26:03,453 - INFO - [AUDIT] - Rule Activated: CRITICAL_VOLTAGE, Reason: Bus voltage below threshold: 0.18 < 25.50
2025-07-11 04:26:03,453 - INFO - [AUDIT] - Decision: RECOVER_EPS, Reason: Critical voltage, Mode: Nominal
2025-07-11 04:26:03,453 - INFO - [AUDIT] - Rule Activated: CRITICAL_VOLTAGE, Reason: Bus voltage below threshold: 0.18 < 25.50
2025-07-11 04:26:03,453 - INFO - [AUDIT] - Decision: RECOVER_EPS, Reason: Critical voltage, Mode: Nominal
2025-07-11 04:26:03,453 - INFO - [AUDIT] - Rule Activated: CRITICAL_VOLTAGE, Reason: Bus voltage below threshold: 0.18 < 25.50
2025-07-11 04:26:03,453 - INFO - [AUDIT] - Decision: RECOVER_EPS, Reason: Critical voltage, Mode: Nominal
2025-07-11 04:26:03,453 - INFO - [AUDIT] - Rule Activated: CRITICAL_VOLTAGE, Reason: Bus voltage below threshold: 0.18 < 25.50
2025-07-11 04:26:03,453 - INFO - [AUDIT] - Decision: RECOVER_EPS, Reason: Critical voltage, Mode: Nominal
2025-07-11 04:26:03,454 - INFO - [AUDIT] - Rule Activated: CRITICAL_VOLTAGE, Reason: Bus voltage below threshold: 0.18 < 25.50
2025-07-11 04:26:03,454 - INFO - [AUDIT] - Decision: RECOVER_EPS, Reason: Critical voltage, Mode: Nominal
2025-07-11 04:26:03,454 - INFO - [AUDIT] - Rule Activated: CRITICAL_VOLTAGE, Reason: Bus voltage below threshold: 0.18 < 25.50
2025-07-11 04:26:03,454 - INFO - [AUDIT] - Decision: RECOVER_EPS, Reason: Critical voltage, Mode: Nominal
2025-07-11 04:26:03,454 - INFO - [AUDIT] - Rule Activated: CRITICAL_VOLTAGE, Reason: Bus voltage below threshold: 0.18 < 25.50
2025-07-11 04:26:03,454 - INFO - [AUDIT] - Decision: RECOVER_EPS, Reason: Critical voltage, Mode: Nominal
2025-07-11 04:26:03,454 - INFO - [AUDIT] - Rule Activated: CRITICAL_VOLTAGE, Reason: Bus voltage below threshold: 0.18 < 25.50
2025-07-11 04:26:03,454 - INFO - [AUDIT] - Decision: RECOVER_EPS, Reason: Critical voltage, Mode: Nominal
2025-07-11 04:26:03,454 - INFO - [AUDIT] - Rule Activated: CRITICAL_VOLTAGE, Reason: Bus voltage below threshold: 0.18 < 25.50
2025-07-11 04:26:03,454 - INFO - [AUDIT] - Decision: RECOVER_EPS, Reason: Critical voltage, Mode: Nominal
2025-07-11 04:26:03,454 - INFO - [AUDIT] - Rule Activated: CRITICAL_VOLTAGE, Reason: Bus voltage below threshold: 0.18 < 25.50
2025-07-11 04:26:03,454 - INFO - [AUDIT] - Decision: RECOVER_EPS, Reason: Critical voltage, Mode: Nominal
2025-07-11 04:26:03,455 - INFO - [AUDIT] - Rule Activated: CRITICAL_VOLTAGE, Reason: Bus voltage below threshold: 0.18 < 25.50
2025-07-11 04:26:03,455 - INFO - [AUDIT] - Decision: RECOVER_EPS, Reason: Critical voltage, Mode: Nominal
2025-07-11 04:26:03,455 - INFO - [AUDIT] - Rule Activated: CRITICAL_VOLTAGE, Reason: Bus voltage below threshold: 0.18 < 25.50
2025-07-11 04:26:03,455 - INFO - [AUDIT] - Decision: RECOVER_EPS, Reason: Critical voltage, Mode: Nominal
2025-07-11 04:26:03,455 - INFO - [AUDIT] - Rule Activated: CRITICAL_VOLTAGE, Reason: Bus voltage below threshold: 0.18 < 25.50
2025-07-11 04:26:03,455 - INFO - [AUDIT] - Decision: RECOVER_EPS, Reason: Critical voltage, Mode: Nominal
2025-07-11 04:26:03,455 - INFO - [AUDIT] - Rule Activated: CRITICAL_VOLTAGE, Reason: Bus voltage below threshold: 0.18 < 25.50
2025-07-11 04:26:03,455 - INFO - [AUDIT] - Decision: RECOVER_EPS, Reason: Critical voltage, Mode: Nominal
2025-07-11 04:26:03,455 - INFO - [AUDIT] - Rule Activated: CRITICAL_VOLTAGE, Reason: Bus voltage below threshold: 0.18 < 25.50
2025-07-11 04:26:03,455 - INFO - [AUDIT] - Decision: RECOVER_EPS, Reason: Critical voltage, Mode: Nominal
2025-07-11 04:26:03,456 - INFO - [AUDIT] - Rule Activated: CRITICAL_VOLTAGE, Reason: Bus voltage below threshold: 0.18 < 25.50
2025-07-11 04:26:03,456 - INFO - [AUDIT] - Decision: RECOVER_EPS, Reason: Critical voltage, Mode: Nominal
2025-07-11 04:26:03,456 - INFO - [AUDIT] - Rule Activated: CRITICAL_VOLTAGE, Reason: Bus voltage below threshold: 0.18 < 25.50
2025-07-11 04:26:03,456 - INFO - [AUDIT] - Decision: RECOVER_EPS, Reason: Critical voltage, Mode: Nominal
2025-07-11 04:26:03,457 - INFO - [AUDIT] - Rule Activated: CRITICAL_VOLTAGE, Reason: Bus voltage below threshold: 0.18 < 25.50
2025-07-11 04:26:03,457 - INFO - [AUDIT] - Decision: RECOVER_EPS, Reason: Critical voltage, Mode: Nominal
2025-07-11 04:26:03,458 - INFO - [AUDIT] - Rule Activated: CRITICAL_VOLTAGE, Reason: Bus voltage below threshold: 0.18 < 25.50
2025-07-11 04:26:03,458 - INFO - [AUDIT] - Decision: RECOVER_EPS, Reason: Critical voltage, Mode: Nominal
2025-07-11 04:26:03,458 - INFO - [AUDIT] - Rule Activated: CRITICAL_VOLTAGE, Reason: Bus voltage below threshold: 0.18 < 25.50
2025-07-11 04:26:03,458 - INFO - [AUDIT] - Decision: RECOVER_EPS, Reason: Critical voltage, Mode: Nominal
2025-07-11 04:26:03,459 - INFO - [AUDIT] - Rule Activated: CRITICAL_VOLTAGE, Reason: Bus voltage below threshold: 0.18 < 25.50
2025-07-11 04:26:03,459 - INFO - [AUDIT] - Decision: RECOVER_EPS, Reason: Critical voltage, Mode: Nominal
2025-07-11 04:26:03,459 - INFO - [AUDIT] - Rule Activated: CRITICAL_VOLTAGE, Reason: Bus voltage below threshold: 0.18 < 25.50
2025-07-11 04:26:03,459 - INFO - [AUDIT] - Decision: RECOVER_EPS, Reason: Critical voltage, Mode: Nominal
2025-07-11 04:26:03,459 - INFO - [AUDIT] - Rule Activated: CRITICAL_VOLTAGE, Reason: Bus voltage below threshold: 0.18 < 25.50
2025-07-11 04:26:03,459 - INFO - [AUDIT] - Decision: RECOVER_EPS, Reason: Critical voltage, Mode: Nominal
2025-07-11 04:26:03,460 - INFO - [AUDIT] - Rule Activated: CRITICAL_VOLTAGE, Reason: Bus voltage below threshold: 0.18 < 25.50
2025-07-11 04:26:03,460 - INFO - [AUDIT] - Decision: RECOVER_EPS, Reason: Critical voltage, Mode: Nominal
2025-07-11 04:26:03,460 - INFO - [AUDIT] - Rule Activated: CRITICAL_VOLTAGE, Reason: Bus voltage below threshold: 0.18 < 25.50
2025-07-11 04:26:03,460 - INFO - [AUDIT] - Decision: RECOVER_EPS, Reason: Critical voltage, Mode: Nominal
2025-07-11 04:26:03,460 - INFO - [AUDIT] - Rule Activated: CRITICAL_VOLTAGE, Reason: Bus voltage below threshold: 0.18 < 25.50
2025-07-11 04:26:03,460 - INFO - [AUDIT] - Decision: RECOVER_EPS, Reason: Critical voltage, Mode: Nominal
2025-07-11 04:26:03,460 - INFO - [AUDIT] - Rule Activated: CRITICAL_VOLTAGE, Reason: Bus voltage below threshold: 0.18 < 25.50
2025-07-11 04:26:03,460 - INFO - [AUDIT] - Decision: RECOVER_EPS, Reason: Critical voltage, Mode: Nominal
2025-07-11 04:26:03,461 - INFO - [AUDIT] - Rule Activated: CRITICAL_VOLTAGE, Reason: Bus voltage below threshold: 0.18 < 25.50
2025-07-11 04:26:03,461 - INFO - [AUDIT] - Decision: RECOVER_EPS, Reason: Critical voltage, Mode: Nominal
2025-07-11 04:26:03,461 - INFO - [AUDIT] - Rule Activated: CRITICAL_VOLTAGE, Reason: Bus voltage below threshold: 0.18 < 25.50
2025-07-11 04:26:03,463 - INFO - [AUDIT] - Decision: RECOVER_EPS, Reason: Critical voltage, Mode: Nominal
2025-07-11 04:26:03,464 - INFO - [AUDIT] - Rule Activated: CRITICAL_VOLTAGE, Reason: Bus voltage below threshold: 0.18 < 25.50
2025-07-11 04:26:03,464 - INFO - [AUDIT] - Decision: RECOVER_EPS, Reason: Critical voltage, Mode: Nominal
2025-07-11 04:26:03,464 - INFO - [AUDIT] - Rule Activated: CRITICAL_VOLTAGE, Reason: Bus voltage below threshold: 0.18 < 25.50
2025-07-11 04:26:03,464 - INFO - [AUDIT] - Decision: RECOVER_EPS, Reason: Critical voltage, Mode: Nominal
2025-07-11 04:26:03,464 - INFO - [AUDIT] - Rule Activated: CRITICAL_VOLTAGE, Reason: Bus voltage below threshold: 0.00 < 25.50
2025-07-11 04:26:03,464 - INFO - [AUDIT] - Decision: RECOVER_EPS, Reason: Critical voltage, Mode: Nominal
2025-07-11 04:26:03,464 - INFO - [AUDIT] - Rule Activated: CRITICAL_VOLTAGE, Reason: Bus voltage below threshold: 0.18 < 25.50
2025-07-11 04:26:03,464 - INFO - [AUDIT] - Decision: RECOVER_EPS, Reason: Critical voltage, Mode: Nominal
2025-07-11 04:26:03,465 - INFO - [AUDIT] - Rule Activated: CRITICAL_VOLTAGE, Reason: Bus voltage below threshold: 0.18 < 25.50
2025-07-11 04:26:03,465 - INFO - [AUDIT] - Decision: RECOVER_EPS, Reason: Critical voltage, Mode: Nominal
2025-07-11 04:26:03,465 - INFO - [AUDIT] - Rule Activated: CRITICAL_VOLTAGE, Reason: Bus voltage below threshold: 0.18 < 25.50
2025-07-11 04:26:03,465 - INFO - [AUDIT] - Decision: RECOVER_EPS, Reason: Critical voltage, Mode: Nominal
2025-07-11 04:26:03,465 - INFO - [AUDIT] - Rule Activated: CRITICAL_VOLTAGE, Reason: Bus voltage below threshold: 0.18 < 25.50
2025-07-11 04:26:03,465 - INFO - [AUDIT] - Decision: RECOVER_EPS, Reason: Critical voltage, Mode: Nominal
2025-07-11 04:26:03,465 - INFO - [AUDIT] - Rule Activated: CRITICAL_VOLTAGE, Reason: Bus voltage below threshold: 0.18 < 25.50
2025-07-11 04:26:03,465 - INFO - [AUDIT] - Decision: RECOVER_EPS, Reason: Critical voltage, Mode: Nominal
2025-07-11 04:26:03,465 - INFO - [AUDIT] - Rule Activated: CRITICAL_VOLTAGE, Reason: Bus voltage below threshold: 0.18 < 25.50
2025-07-11 04:26:03,465 - INFO - [AUDIT] - Decision: RECOVER_EPS, Reason: Critical voltage, Mode: Nominal
2025-07-11 04:26:03,466 - INFO - [AUDIT] - Rule Activated: CRITICAL_VOLTAGE, Reason: Bus voltage below threshold: 0.18 < 25.50
2025-07-11 04:26:03,466 - INFO - [AUDIT] - Decision: RECOVER_EPS, Reason: Critical voltage, Mode: Nominal
2025-07-11 04:26:03,466 - INFO - [AUDIT] - Rule Activated: CRITICAL_VOLTAGE, Reason: Bus voltage below threshold: 0.18 < 25.50
2025-07-11 04:26:03,466 - INFO - [AUDIT] - Decision: RECOVER_EPS, Reason: Critical voltage, Mode: Nominal
2025-07-11 04:26:03,466 - INFO - [AUDIT] - Rule Activated: CRITICAL_VOLTAGE, Reason: Bus voltage below threshold: 0.18 < 25.50
2025-07-11 04:26:03,466 - INFO - [AUDIT] - Decision: RECOVER_EPS, Reason: Critical voltage, Mode: Nominal
2025-07-11 04:26:03,466 - INFO - [AUDIT] - Rule Activated: CRITICAL_VOLTAGE, Reason: Bus voltage below threshold: 0.18 < 25.50
2025-07-11 04:26:03,466 - INFO - [AUDIT] - Decision: RECOVER_EPS, Reason: Critical voltage, Mode: Nominal
2025-07-11 04:26:03,467 - INFO - [AUDIT] - Rule Activated: CRITICAL_VOLTAGE, Reason: Bus voltage below threshold: 0.18 < 25.50
2025-07-11 04:26:03,467 - INFO - [AUDIT] - Decision: RECOVER_EPS, Reason: Critical voltage, Mode: Nominal
2025-07-11 04:26:03,467 - INFO - [AUDIT] - Rule Activated: CRITICAL_VOLTAGE, Reason: Bus voltage below threshold: 0.18 < 25.50
2025-07-11 04:26:03,467 - INFO - [AUDIT] - Decision: RECOVER_EPS, Reason: Critical voltage, Mode: Nominal
2025-07-11 04:26:03,467 - INFO - [AUDIT] - Rule Activated: CRITICAL_VOLTAGE, Reason: Bus voltage below threshold: 0.18 < 25.50
2025-07-11 04:26:03,467 - INFO - [AUDIT] - Decision: RECOVER_EPS, Reason: Critical voltage, Mode: Nominal
2025-07-11 04:26:03,467 - INFO - [AUDIT] - Rule Activated: CRITICAL_VOLTAGE, Reason: Bus voltage below threshold: 0.18 < 25.50
2025-07-11 04:26:03,467 - INFO - [AUDIT] - Decision: RECOVER_EPS, Reason: Critical voltage, Mode: Nominal
2025-07-11 04:26:03,467 - INFO - [AUDIT] - Rule Activated: CRITICAL_VOLTAGE, Reason: Bus voltage below threshold: 0.18 < 25.50
2025-07-11 04:26:03,467 - INFO - [AUDIT] - Decision: RECOVER_EPS, Reason: Critical voltage, Mode: Nominal
2025-07-11 04:26:03,467 - INFO - [AUDIT] - Rule Activated: CRITICAL_VOLTAGE, Reason: Bus voltage below threshold: 0.18 < 25.50
2025-07-11 04:26:03,467 - INFO - [AUDIT] - Decision: RECOVER_EPS, Reason: Critical voltage, Mode: Nominal
2025-07-11 04:26:03,468 - INFO - [AUDIT] - Rule Activated: CRITICAL_VOLTAGE, Reason: Bus voltage below threshold: 0.18 < 25.50
2025-07-11 04:26:03,468 - INFO - [AUDIT] - Decision: RECOVER_EPS, Reason: Critical voltage, Mode: Nominal
2025-07-11 04:26:03,468 - INFO - [AUDIT] - Rule Activated: CRITICAL_VOLTAGE, Reason: Bus voltage below threshold: 0.18 < 25.50
2025-07-11 04:26:03,468 - INFO - [AUDIT] - Decision: RECOVER_EPS, Reason: Critical voltage, Mode: Nominal
2025-07-11 04:26:03,468 - INFO - [AUDIT] - Rule Activated: CRITICAL_VOLTAGE, Reason: Bus voltage below threshold: 0.18 < 25.50
2025-07-11 04:26:03,468 - INFO - [AUDIT] - Decision: RECOVER_EPS, Reason: Critical voltage, Mode: Nominal
2025-07-11 04:26:03,468 - INFO - [AUDIT] - Rule Activated: CRITICAL_VOLTAGE, Reason: Bus voltage below threshold: 0.18 < 25.50
2025-07-11 04:26:03,468 - INFO - [AUDIT] - Decision: RECOVER_EPS, Reason: Critical voltage, Mode: Nominal
2025-07-11 04:26:03,468 - INFO - [AUDIT] - Rule Activated: CRITICAL_VOLTAGE, Reason: Bus voltage below threshold: 0.18 < 25.50
2025-07-11 04:26:03,468 - INFO - [AUDIT] - Decision: RECOVER_EPS, Reason: Critical voltage, Mode: Nominal
2025-07-11 04:26:03,469 - INFO - [AUDIT] - Rule Activated: CRITICAL_VOLTAGE, Reason: Bus voltage below threshold: 0.18 < 25.50
2025-07-11 04:26:03,469 - INFO - [AUDIT] - Decision: RECOVER_EPS, Reason: Critical voltage, Mode: Nominal
2025-07-11 04:26:03,469 - INFO - [AUDIT] - Rule Activated: CRITICAL_VOLTAGE, Reason: Bus voltage below threshold: 0.18 < 25.50
2025-07-11 04:26:03,469 - INFO - [AUDIT] - Decision: RECOVER_EPS, Reason: Critical voltage, Mode: Nominal
2025-07-11 04:26:03,469 - INFO - [AUDIT] - Rule Activated: CRITICAL_VOLTAGE, Reason: Bus voltage below threshold: 0.18 < 25.50
2025-07-11 04:26:03,469 - INFO - [AUDIT] - Decision: RECOVER_EPS, Reason: Critical voltage, Mode: Nominal
2025-07-11 04:26:03,469 - INFO - [AUDIT] - Rule Activated: CRITICAL_VOLTAGE, Reason: Bus voltage below threshold: 0.18 < 25.50
2025-07-11 04:26:03,469 - INFO - [AUDIT] - Decision: RECOVER_EPS, Reason: Critical voltage, Mode: Nominal
2025-07-11 04:26:03,469 - INFO - [AUDIT] - Rule Activated: CRITICAL_VOLTAGE, Reason: Bus voltage below threshold: 0.18 < 25.50
2025-07-11 04:26:03,469 - INFO - [AUDIT] - Decision: RECOVER_EPS, Reason: Critical voltage, Mode: Nominal
2025-07-11 04:26:03,469 - INFO - [AUDIT] - Rule Activated: CRITICAL_VOLTAGE, Reason: Bus voltage below threshold: 0.18 < 25.50
2025-07-11 04:26:03,469 - INFO - [AUDIT] - Decision: RECOVER_EPS, Reason: Critical voltage, Mode: Nominal
2025-07-11 04:26:03,470 - INFO - [AUDIT] - Rule Activated: CRITICAL_VOLTAGE, Reason: Bus voltage below threshold: 0.18 < 25.50
2025-07-11 04:26:03,470 - INFO - [AUDIT] - Decision: RECOVER_EPS, Reason: Critical voltage, Mode: Nominal
2025-07-11 04:26:03,470 - INFO - [AUDIT] - Rule Activated: CRITICAL_VOLTAGE, Reason: Bus voltage below threshold: 0.18 < 25.50
2025-07-11 04:26:03,470 - INFO - [AUDIT] - Decision: RECOVER_EPS, Reason: Critical voltage, Mode: Nominal
2025-07-11 04:26:03,471 - INFO - [AUDIT] - Rule Activated: CRITICAL_VOLTAGE, Reason: Bus voltage below threshold: 0.18 < 25.50
2025-07-11 04:26:03,471 - INFO - [AUDIT] - Decision: RECOVER_EPS, Reason: Critical voltage, Mode: Nominal
2025-07-11 04:26:03,471 - INFO - [AUDIT] - Rule Activated: CRITICAL_VOLTAGE, Reason: Bus voltage below threshold: 0.18 < 25.50
2025-07-11 04:26:03,471 - INFO - [AUDIT] - Decision: RECOVER_EPS, Reason: Critical voltage, Mode: Nominal
2025-07-11 04:26:03,471 - INFO - [AUDIT] - Rule Activated: CRITICAL_VOLTAGE, Reason: Bus voltage below threshold: 0.18 < 25.50
2025-07-11 04:26:03,471 - INFO - [AUDIT] - Decision: RECOVER_EPS, Reason: Critical voltage, Mode: Nominal
2025-07-11 04:26:03,471 - INFO - [AUDIT] - Rule Activated: CRITICAL_VOLTAGE, Reason: Bus voltage below threshold: 0.18 < 25.50
2025-07-11 04:26:03,471 - INFO - [AUDIT] - Decision: RECOVER_EPS, Reason: Critical voltage, Mode: Nominal
2025-07-11 04:26:03,472 - INFO - [AUDIT] - Rule Activated: CRITICAL_VOLTAGE, Reason: Bus voltage below threshold: 0.18 < 25.50
2025-07-11 04:26:03,472 - INFO - [AUDIT] - Decision: RECOVER_EPS, Reason: Critical voltage, Mode: Nominal
2025-07-11 04:26:03,472 - INFO - [AUDIT] - Rule Activated: CRITICAL_VOLTAGE, Reason: Bus voltage below threshold: 0.18 < 25.50
2025-07-11 04:26:03,472 - INFO - [AUDIT] - Decision: RECOVER_EPS, Reason: Critical voltage, Mode: Nominal
2025-07-11 04:26:03,472 - INFO - [AUDIT] - Rule Activated: CRITICAL_VOLTAGE, Reason: Bus voltage below threshold: 0.18 < 25.50
2025-07-11 04:26:03,472 - INFO - [AUDIT] - Decision: RECOVER_EPS, Reason: Critical voltage, Mode: Nominal
2025-07-11 04:26:03,472 - INFO - [AUDIT] - Rule Activated: CRITICAL_VOLTAGE, Reason: Bus voltage below threshold: 0.18 < 25.50
2025-07-11 04:26:03,472 - INFO - [AUDIT] - Decision: RECOVER_EPS, Reason: Critical voltage, Mode: Nominal
2025-07-11 04:26:03,472 - INFO - [AUDIT] - Rule Activated: CRITICAL_VOLTAGE, Reason: Bus voltage below threshold: 0.18 < 25.50
2025-07-11 04:26:03,472 - INFO - [AUDIT] - Decision: RECOVER_EPS, Reason: Critical voltage, Mode: Nominal
2025-07-11 04:26:03,472 - INFO - [AUDIT] - Rule Activated: CRITICAL_VOLTAGE, Reason: Bus voltage below threshold: 0.18 < 25.50
2025-07-11 04:26:03,472 - INFO - [AUDIT] - Decision: RECOVER_EPS, Reason: Critical voltage, Mode: Nominal
2025-07-11 04:26:03,473 - INFO - [AUDIT] - Rule Activated: CRITICAL_VOLTAGE, Reason: Bus voltage below threshold: 0.18 < 25.50
2025-07-11 04:26:03,473 - INFO - [AUDIT] - Decision: RECOVER_EPS, Reason: Critical voltage, Mode: Nominal
2025-07-11 04:26:03,473 - INFO - [AUDIT] - Rule Activated: CRITICAL_VOLTAGE, Reason: Bus voltage below threshold: 0.18 < 25.50
2025-07-11 04:26:03,473 - INFO - [AUDIT] - Decision: RECOVER_EPS, Reason: Critical voltage, Mode: Nominal
2025-07-11 04:26:03,473 - INFO - [AUDIT] - Rule Activated: CRITICAL_VOLTAGE, Reason: Bus voltage below threshold: 0.18 < 25.50
2025-07-11 04:26:03,473 - INFO - [AUDIT] - Decision: RECOVER_EPS, Reason: Critical voltage, Mode: Nominal
2025-07-11 04:26:03,473 - INFO - [AUDIT] - Rule Activated: CRITICAL_VOLTAGE, Reason: Bus voltage below threshold: 0.18 < 25.50
2025-07-11 04:26:03,473 - INFO - [AUDIT] - Decision: RECOVER_EPS, Reason: Critical voltage, Mode: Nominal
2025-07-11 04:26:03,473 - INFO - [AUDIT] - Rule Activated: CRITICAL_VOLTAGE, Reason: Bus voltage below threshold: 0.18 < 25.50
2025-07-11 04:26:03,473 - INFO - [AUDIT] - Decision: RECOVER_EPS, Reason: Critical voltage, Mode: Nominal
2025-07-11 04:26:03,473 - INFO - [AUDIT] - Rule Activated: CRITICAL_VOLTAGE, Reason: Bus voltage below threshold: 0.18 < 25.50
2025-07-11 04:26:03,473 - INFO - [AUDIT] - Decision: RECOVER_EPS, Reason: Critical voltage, Mode: Nominal
2025-07-11 04:26:03,474 - INFO - [AUDIT] - Rule Activated: CRITICAL_VOLTAGE, Reason: Bus voltage below threshold: 0.18 < 25.50
2025-07-11 04:26:03,474 - INFO - [AUDIT] - Decision: RECOVER_EPS, Reason: Critical voltage, Mode: Nominal
2025-07-11 04:26:03,474 - INFO - [AUDIT] - Rule Activated: CRITICAL_VOLTAGE, Reason: Bus voltage below threshold: 0.18 < 25.50
2025-07-11 04:26:03,474 - INFO - [AUDIT] - Decision: RECOVER_EPS, Reason: Critical voltage, Mode: Nominal
2025-07-11 04:26:03,474 - INFO - [AUDIT] - Rule Activated: CRITICAL_VOLTAGE, Reason: Bus voltage below threshold: 0.18 < 25.50
2025-07-11 04:26:03,474 - INFO - [AUDIT] - Decision: RECOVER_EPS, Reason: Critical voltage, Mode: Nominal
2025-07-11 04:26:03,474 - INFO - [AUDIT] - Rule Activated: CRITICAL_VOLTAGE, Reason: Bus voltage below threshold: 0.18 < 25.50
2025-07-11 04:26:03,474 - INFO - [AUDIT] - Decision: RECOVER_EPS, Reason: Critical voltage, Mode: Nominal
2025-07-11 04:26:03,475 - INFO - [AUDIT] - Rule Activated: CRITICAL_VOLTAGE, Reason: Bus voltage below threshold: 0.00 < 25.50
2025-07-11 04:26:03,475 - INFO - [AUDIT] - Decision: RECOVER_EPS, Reason: Critical voltage, Mode: Nominal
2025-07-11 04:26:03,475 - INFO - [AUDIT] - Rule Activated: CRITICAL_VOLTAGE, Reason: Bus voltage below threshold: 0.18 < 25.50
2025-07-11 04:26:03,475 - INFO - [AUDIT] - Decision: RECOVER_EPS, Reason: Critical voltage, Mode: Nominal
2025-07-11 04:26:03,475 - INFO - [AUDIT] - Rule Activated: CRITICAL_VOLTAGE, Reason: Bus voltage below threshold: 0.18 < 25.50
2025-07-11 04:26:03,475 - INFO - [AUDIT] - Decision: RECOVER_EPS, Reason: Critical voltage, Mode: Nominal
2025-07-11 04:26:03,476 - INFO - [AUDIT] - Rule Activated: CRITICAL_VOLTAGE, Reason: Bus voltage below threshold: 0.18 < 25.50
2025-07-11 04:26:03,476 - INFO - [AUDIT] - Decision: RECOVER_EPS, Reason: Critical voltage, Mode: Nominal
2025-07-11 04:26:03,476 - INFO - [AUDIT] - Rule Activated: CRITICAL_VOLTAGE, Reason: Bus voltage below threshold: 0.18 < 25.50
2025-07-11 04:26:03,476 - INFO - [AUDIT] - Decision: RECOVER_EPS, Reason: Critical voltage, Mode: Nominal
2025-07-11 04:26:03,476 - INFO - [AUDIT] - Rule Activated: CRITICAL_VOLTAGE, Reason: Bus voltage below threshold: 0.18 < 25.50
2025-07-11 04:26:03,476 - INFO - [AUDIT] - Decision: RECOVER_EPS, Reason: Critical voltage, Mode: Nominal
2025-07-11 04:26:03,476 - INFO - [AUDIT] - Rule Activated: CRITICAL_VOLTAGE, Reason: Bus voltage below threshold: 0.18 < 25.50
2025-07-11 04:26:03,476 - INFO - [AUDIT] - Decision: RECOVER_EPS, Reason: Critical voltage, Mode: Nominal
2025-07-11 04:26:03,476 - INFO - [AUDIT] - Rule Activated: CRITICAL_VOLTAGE, Reason: Bus voltage below threshold: 0.18 < 25.50
2025-07-11 04:26:03,476 - INFO - [AUDIT] - Decision: RECOVER_EPS, Reason: Critical voltage, Mode: Nominal
2025-07-11 04:26:03,477 - INFO - [AUDIT] - Rule Activated: CRITICAL_VOLTAGE, Reason: Bus voltage below threshold: 0.18 < 25.50
2025-07-11 04:26:03,477 - INFO - [AUDIT] - Decision: RECOVER_EPS, Reason: Critical voltage, Mode: Nominal
2025-07-11 04:26:03,477 - INFO - [AUDIT] - Rule Activated: CRITICAL_VOLTAGE, Reason: Bus voltage below threshold: 0.18 < 25.50
2025-07-11 04:26:03,477 - INFO - [AUDIT] - Decision: RECOVER_EPS, Reason: Critical voltage, Mode: Nominal
2025-07-11 04:26:03,477 - INFO - [AUDIT] - Rule Activated: CRITICAL_VOLTAGE, Reason: Bus voltage below threshold: 0.18 < 25.50
2025-07-11 04:26:03,477 - INFO - [AUDIT] - Decision: RECOVER_EPS, Reason: Critical voltage, Mode: Nominal
2025-07-11 04:26:03,477 - INFO - [AUDIT] - Rule Activated: CRITICAL_VOLTAGE, Reason: Bus voltage below threshold: 0.18 < 25.50
2025-07-11 04:26:03,477 - INFO - [AUDIT] - Decision: RECOVER_EPS, Reason: Critical voltage, Mode: Nominal
2025-07-11 04:26:03,477 - INFO - [AUDIT] - Rule Activated: CRITICAL_VOLTAGE, Reason: Bus voltage below threshold: 0.18 < 25.50
2025-07-11 04:26:03,477 - INFO - [AUDIT] - Decision: RECOVER_EPS, Reason: Critical voltage, Mode: Nominal
2025-07-11 04:26:03,477 - INFO - [AUDIT] - Rule Activated: CRITICAL_VOLTAGE, Reason: Bus voltage below threshold: 0.18 < 25.50
2025-07-11 04:26:03,477 - INFO - [AUDIT] - Decision: RECOVER_EPS, Reason: Critical voltage, Mode: Nominal
2025-07-11 04:26:03,478 - INFO - [AUDIT] - Rule Activated: CRITICAL_VOLTAGE, Reason: Bus voltage below threshold: 0.18 < 25.50
2025-07-11 04:26:03,478 - INFO - [AUDIT] - Decision: RECOVER_EPS, Reason: Critical voltage, Mode: Nominal
2025-07-11 04:26:03,478 - INFO - [AUDIT] - Rule Activated: CRITICAL_VOLTAGE, Reason: Bus voltage below threshold: 0.18 < 25.50
2025-07-11 04:26:03,478 - INFO - [AUDIT] - Decision: RECOVER_EPS, Reason: Critical voltage, Mode: Nominal
2025-07-11 04:26:03,478 - INFO - [AUDIT] - Rule Activated: CRITICAL_VOLTAGE, Reason: Bus voltage below threshold: 0.18 < 25.50
2025-07-11 04:26:03,478 - INFO - [AUDIT] - Decision: RECOVER_EPS, Reason: Critical voltage, Mode: Nominal
2025-07-11 04:26:03,478 - INFO - [AUDIT] - Rule Activated: CRITICAL_VOLTAGE, Reason: Bus voltage below threshold: 0.18 < 25.50
2025-07-11 04:26:03,478 - INFO - [AUDIT] - Decision: RECOVER_EPS, Reason: Critical voltage, Mode: Nominal
2025-07-11 04:26:03,478 - INFO - [AUDIT] - Rule Activated: CRITICAL_VOLTAGE, Reason: Bus voltage below threshold: 0.18 < 25.50
2025-07-11 04:26:03,478 - INFO - [AUDIT] - Decision: RECOVER_EPS, Reason: Critical voltage, Mode: Nominal
2025-07-11 04:26:03,478 - INFO - [AUDIT] - Rule Activated: CRITICAL_VOLTAGE, Reason: Bus voltage below threshold: 0.18 < 25.50
2025-07-11 04:26:03,478 - INFO - [AUDIT] - Decision: RECOVER_EPS, Reason: Critical voltage, Mode: Nominal
2025-07-11 04:26:03,479 - INFO - [AUDIT] - Rule Activated: CRITICAL_VOLTAGE, Reason: Bus voltage below threshold: 0.18 < 25.50
2025-07-11 04:26:03,479 - INFO - [AUDIT] - Decision: RECOVER_EPS, Reason: Critical voltage, Mode: Nominal
2025-07-11 04:26:03,479 - INFO - [AUDIT] - Rule Activated: CRITICAL_VOLTAGE, Reason: Bus voltage below threshold: 0.18 < 25.50
2025-07-11 04:26:03,479 - INFO - [AUDIT] - Decision: RECOVER_EPS, Reason: Critical voltage, Mode: Nominal
2025-07-11 04:26:03,479 - INFO - [AUDIT] - Rule Activated: CRITICAL_VOLTAGE, Reason: Bus voltage below threshold: 0.18 < 25.50
2025-07-11 04:26:03,479 - INFO - [AUDIT] - Decision: RECOVER_EPS, Reason: Critical voltage, Mode: Nominal
2025-07-11 04:26:03,479 - INFO - [AUDIT] - Rule Activated: CRITICAL_VOLTAGE, Reason: Bus voltage below threshold: 0.18 < 25.50
2025-07-11 04:26:03,479 - INFO - [AUDIT] - Decision: RECOVER_EPS, Reason: Critical voltage, Mode: Nominal
2025-07-11 04:26:03,479 - INFO - [AUDIT] - Rule Activated: CRITICAL_VOLTAGE, Reason: Bus voltage below threshold: 0.18 < 25.50
2025-07-11 04:26:03,479 - INFO - [AUDIT] - Decision: RECOVER_EPS, Reason: Critical voltage, Mode: Nominal
2025-07-11 04:26:03,479 - INFO - [AUDIT] - Rule Activated: CRITICAL_VOLTAGE, Reason: Bus voltage below threshold: 0.18 < 25.50
2025-07-11 04:26:03,479 - INFO - [AUDIT] - Decision: RECOVER_EPS, Reason: Critical voltage, Mode: Nominal
2025-07-11 04:26:03,480 - INFO - [AUDIT] - Rule Activated: CRITICAL_VOLTAGE, Reason: Bus voltage below threshold: 0.18 < 25.50
2025-07-11 04:26:03,480 - INFO - [AUDIT] - Decision: RECOVER_EPS, Reason: Critical voltage, Mode: Nominal
2025-07-11 04:26:03,480 - INFO - [AUDIT] - Rule Activated: CRITICAL_VOLTAGE, Reason: Bus voltage below threshold: 0.18 < 25.50
2025-07-11 04:26:03,480 - INFO - [AUDIT] - Decision: RECOVER_EPS, Reason: Critical voltage, Mode: Nominal
2025-07-11 04:26:03,480 - INFO - [AUDIT] - Rule Activated: CRITICAL_VOLTAGE, Reason: Bus voltage below threshold: 0.18 < 25.50
2025-07-11 04:26:03,480 - INFO - [AUDIT] - Decision: RECOVER_EPS, Reason: Critical voltage, Mode: Nominal
2025-07-11 04:26:03,480 - INFO - [AUDIT] - Rule Activated: CRITICAL_VOLTAGE, Reason: Bus voltage below threshold: 0.18 < 25.50
2025-07-11 04:26:03,480 - INFO - [AUDIT] - Decision: RECOVER_EPS, Reason: Critical voltage, Mode: Nominal
2025-07-11 04:26:03,480 - INFO - [AUDIT] - Rule Activated: CRITICAL_VOLTAGE, Reason: Bus voltage below threshold: 0.18 < 25.50
2025-07-11 04:26:03,480 - INFO - [AUDIT] - Decision: RECOVER_EPS, Reason: Critical voltage, Mode: Nominal
2025-07-11 04:26:03,481 - INFO - [AUDIT] - Rule Activated: CRITICAL_VOLTAGE, Reason: Bus voltage below threshold: 0.18 < 25.50
2025-07-11 04:26:03,481 - INFO - [AUDIT] - Decision: RECOVER_EPS, Reason: Critical voltage, Mode: Nominal
2025-07-11 04:26:03,481 - INFO - [AUDIT] - Rule Activated: CRITICAL_VOLTAGE, Reason: Bus voltage below threshold: 0.18 < 25.50
2025-07-11 04:26:03,481 - INFO - [AUDIT] - Decision: RECOVER_EPS, Reason: Critical voltage, Mode: Nominal
2025-07-11 04:26:03,481 - INFO - [AUDIT] - Rule Activated: CRITICAL_VOLTAGE, Reason: Bus voltage below threshold: 0.18 < 25.50
2025-07-11 04:26:03,481 - INFO - [AUDIT] - Decision: RECOVER_EPS, Reason: Critical voltage, Mode: Nominal
2025-07-11 04:26:03,481 - INFO - [AUDIT] - Rule Activated: CRITICAL_VOLTAGE, Reason: Bus voltage below threshold: 0.18 < 25.50
2025-07-11 04:26:03,481 - INFO - [AUDIT] - Decision: RECOVER_EPS, Reason: Critical voltage, Mode: Nominal
2025-07-11 04:26:03,482 - INFO - [AUDIT] - Rule Activated: CRITICAL_VOLTAGE, Reason: Bus voltage below threshold: 0.18 < 25.50
2025-07-11 04:26:03,482 - INFO - [AUDIT] - Decision: RECOVER_EPS, Reason: Critical voltage, Mode: Nominal
2025-07-11 04:26:03,482 - INFO - [AUDIT] - Rule Activated: CRITICAL_VOLTAGE, Reason: Bus voltage below threshold: 0.18 < 25.50
2025-07-11 04:26:03,482 - INFO - [AUDIT] - Decision: RECOVER_EPS, Reason: Critical voltage, Mode: Nominal
2025-07-11 04:26:03,482 - INFO - [AUDIT] - Rule Activated: CRITICAL_VOLTAGE, Reason: Bus voltage below threshold: 0.18 < 25.50
2025-07-11 04:26:03,482 - INFO - [AUDIT] - Decision: RECOVER_EPS, Reason: Critical voltage, Mode: Nominal
2025-07-11 04:26:03,483 - INFO - [AUDIT] - Rule Activated: CRITICAL_VOLTAGE, Reason: Bus voltage below threshold: 0.18 < 25.50
2025-07-11 04:26:03,483 - INFO - [AUDIT] - Decision: RECOVER_EPS, Reason: Critical voltage, Mode: Nominal
2025-07-11 04:26:03,483 - INFO - [AUDIT] - Rule Activated: CRITICAL_VOLTAGE, Reason: Bus voltage below threshold: 0.18 < 25.50
2025-07-11 04:26:03,483 - INFO - [AUDIT] - Decision: RECOVER_EPS, Reason: Critical voltage, Mode: Nominal
2025-07-11 04:26:03,483 - INFO - [AUDIT] - Rule Activated: CRITICAL_VOLTAGE, Reason: Bus voltage below threshold: 0.18 < 25.50
2025-07-11 04:26:03,483 - INFO - [AUDIT] - Decision: RECOVER_EPS, Reason: Critical voltage, Mode: Nominal
2025-07-11 04:26:03,483 - INFO - [AUDIT] - Rule Activated: CRITICAL_VOLTAGE, Reason: Bus voltage below threshold: 0.18 < 25.50
2025-07-11 04:26:03,483 - INFO - [AUDIT] - Decision: RECOVER_EPS, Reason: Critical voltage, Mode: Nominal
2025-07-11 04:26:03,484 - INFO - [AUDIT] - Rule Activated: CRITICAL_VOLTAGE, Reason: Bus voltage below threshold: 0.18 < 25.50
2025-07-11 04:26:03,484 - INFO - [AUDIT] - Decision: RECOVER_EPS, Reason: Critical voltage, Mode: Nominal
2025-07-11 04:26:03,484 - INFO - [AUDIT] - Rule Activated: CRITICAL_VOLTAGE, Reason: Bus voltage below threshold: 0.18 < 25.50
2025-07-11 04:26:03,484 - INFO - [AUDIT] - Decision: RECOVER_EPS, Reason: Critical voltage, Mode: Nominal
2025-07-11 04:26:03,484 - INFO - [AUDIT] - Rule Activated: CRITICAL_VOLTAGE, Reason: Bus voltage below threshold: 0.18 < 25.50
2025-07-11 04:26:03,484 - INFO - [AUDIT] - Decision: RECOVER_EPS, Reason: Critical voltage, Mode: Nominal
2025-07-11 04:26:03,484 - INFO - [AUDIT] - Rule Activated: CRITICAL_VOLTAGE, Reason: Bus voltage below threshold: 0.18 < 25.50
2025-07-11 04:26:03,484 - INFO - [AUDIT] - Decision: RECOVER_EPS, Reason: Critical voltage, Mode: Nominal
2025-07-11 04:26:03,484 - INFO - [AUDIT] - Rule Activated: CRITICAL_VOLTAGE, Reason: Bus voltage below threshold: 0.18 < 25.50
2025-07-11 04:26:03,484 - INFO - [AUDIT] - Decision: RECOVER_EPS, Reason: Critical voltage, Mode: Nominal
2025-07-11 04:26:03,484 - INFO - [AUDIT] - Rule Activated: CRITICAL_VOLTAGE, Reason: Bus voltage below threshold: 0.18 < 25.50
2025-07-11 04:26:03,484 - INFO - [AUDIT] - Decision: RECOVER_EPS, Reason: Critical voltage, Mode: Nominal
2025-07-11 04:26:03,485 - INFO - [AUDIT] - Rule Activated: CRITICAL_VOLTAGE, Reason: Bus voltage below threshold: 0.18 < 25.50
2025-07-11 04:26:03,485 - INFO - [AUDIT] - Decision: RECOVER_EPS, Reason: Critical voltage, Mode: Nominal
2025-07-11 04:26:03,485 - INFO - [AUDIT] - Rule Activated: CRITICAL_VOLTAGE, Reason: Bus voltage below threshold: 0.18 < 25.50
2025-07-11 04:26:03,485 - INFO - [AUDIT] - Decision: RECOVER_EPS, Reason: Critical voltage, Mode: Nominal
2025-07-11 04:26:03,485 - INFO - [AUDIT] - Rule Activated: CRITICAL_VOLTAGE, Reason: Bus voltage below threshold: 0.00 < 25.50
2025-07-11 04:26:03,485 - INFO - [AUDIT] - Decision: RECOVER_EPS, Reason: Critical voltage, Mode: Nominal
2025-07-11 04:26:03,486 - INFO - [AUDIT] - Rule Activated: CRITICAL_VOLTAGE, Reason: Bus voltage below threshold: 0.18 < 25.50
2025-07-11 04:26:03,486 - INFO - [AUDIT] - Decision: RECOVER_EPS, Reason: Critical voltage, Mode: Nominal
2025-07-11 04:26:03,486 - INFO - [AUDIT] - Rule Activated: CRITICAL_VOLTAGE, Reason: Bus voltage below threshold: 0.18 < 25.50
2025-07-11 04:26:03,486 - INFO - [AUDIT] - Decision: RECOVER_EPS, Reason: Critical voltage, Mode: Nominal
2025-07-11 04:26:03,486 - INFO - [AUDIT] - Rule Activated: CRITICAL_VOLTAGE, Reason: Bus voltage below threshold: 0.18 < 25.50
2025-07-11 04:26:03,486 - INFO - [AUDIT] - Decision: RECOVER_EPS, Reason: Critical voltage, Mode: Nominal
2025-07-11 04:26:03,486 - INFO - [AUDIT] - Rule Activated: CRITICAL_VOLTAGE, Reason: Bus voltage below threshold: 0.18 < 25.50
2025-07-11 04:26:03,486 - INFO - [AUDIT] - Decision: RECOVER_EPS, Reason: Critical voltage, Mode: Nominal
2025-07-11 04:26:03,486 - INFO - [AUDIT] - Rule Activated: CRITICAL_VOLTAGE, Reason: Bus voltage below threshold: 0.18 < 25.50
2025-07-11 04:26:03,486 - INFO - [AUDIT] - Decision: RECOVER_EPS, Reason: Critical voltage, Mode: Nominal
2025-07-11 04:26:03,486 - INFO - [AUDIT] - Rule Activated: CRITICAL_VOLTAGE, Reason: Bus voltage below threshold: 0.18 < 25.50
2025-07-11 04:26:03,487 - INFO - [AUDIT] - Decision: RECOVER_EPS, Reason: Critical voltage, Mode: Nominal
2025-07-11 04:26:03,487 - INFO - [AUDIT] - Rule Activated: CRITICAL_VOLTAGE, Reason: Bus voltage below threshold: 0.18 < 25.50
2025-07-11 04:26:03,487 - INFO - [AUDIT] - Decision: RECOVER_EPS, Reason: Critical voltage, Mode: Nominal
2025-07-11 04:26:03,487 - INFO - [AUDIT] - Rule Activated: CRITICAL_VOLTAGE, Reason: Bus voltage below threshold: 0.18 < 25.50
2025-07-11 04:26:03,487 - INFO - [AUDIT] - Decision: RECOVER_EPS, Reason: Critical voltage, Mode: Nominal
2025-07-11 04:26:03,487 - INFO - [AUDIT] - Rule Activated: CRITICAL_VOLTAGE, Reason: Bus voltage below threshold: 0.18 < 25.50
2025-07-11 04:26:03,487 - INFO - [AUDIT] - Decision: RECOVER_EPS, Reason: Critical voltage, Mode: Nominal
2025-07-11 04:26:03,487 - INFO - [AUDIT] - Rule Activated: CRITICAL_VOLTAGE, Reason: Bus voltage below threshold: 0.18 < 25.50
2025-07-11 04:26:03,487 - INFO - [AUDIT] - Decision: RECOVER_EPS, Reason: Critical voltage, Mode: Nominal
2025-07-11 04:26:03,487 - INFO - [AUDIT] - Rule Activated: CRITICAL_VOLTAGE, Reason: Bus voltage below threshold: 0.18 < 25.50
2025-07-11 04:26:03,487 - INFO - [AUDIT] - Decision: RECOVER_EPS, Reason: Critical voltage, Mode: Nominal
2025-07-11 04:26:03,488 - INFO - [AUDIT] - Rule Activated: CRITICAL_VOLTAGE, Reason: Bus voltage below threshold: 0.18 < 25.50
2025-07-11 04:26:03,488 - INFO - [AUDIT] - Decision: RECOVER_EPS, Reason: Critical voltage, Mode: Nominal
2025-07-11 04:26:03,488 - INFO - [AUDIT] - Rule Activated: CRITICAL_VOLTAGE, Reason: Bus voltage below threshold: 0.18 < 25.50
2025-07-11 04:26:03,488 - INFO - [AUDIT] - Decision: RECOVER_EPS, Reason: Critical voltage, Mode: Nominal
2025-07-11 04:26:03,488 - INFO - [AUDIT] - Rule Activated: CRITICAL_VOLTAGE, Reason: Bus voltage below threshold: 0.18 < 25.50
2025-07-11 04:26:03,488 - INFO - [AUDIT] - Decision: RECOVER_EPS, Reason: Critical voltage, Mode: Nominal
2025-07-11 04:26:03,488 - INFO - [AUDIT] - Rule Activated: CRITICAL_VOLTAGE, Reason: Bus voltage below threshold: 0.18 < 25.50
2025-07-11 04:26:03,488 - INFO - [AUDIT] - Decision: RECOVER_EPS, Reason: Critical voltage, Mode: Nominal
2025-07-11 04:26:03,488 - INFO - [AUDIT] - Rule Activated: CRITICAL_VOLTAGE, Reason: Bus voltage below threshold: 0.18 < 25.50
2025-07-11 04:26:03,488 - INFO - [AUDIT] - Decision: RECOVER_EPS, Reason: Critical voltage, Mode: Nominal
2025-07-11 04:26:03,488 - INFO - [AUDIT] - Rule Activated: CRITICAL_VOLTAGE, Reason: Bus voltage below threshold: 0.18 < 25.50
2025-07-11 04:26:03,488 - INFO - [AUDIT] - Decision: RECOVER_EPS, Reason: Critical voltage, Mode: Nominal
2025-07-11 04:26:03,489 - INFO - [AUDIT] - Rule Activated: CRITICAL_VOLTAGE, Reason: Bus voltage below threshold: 0.18 < 25.50
2025-07-11 04:26:03,489 - INFO - [AUDIT] - Decision: RECOVER_EPS, Reason: Critical voltage, Mode: Nominal
2025-07-11 04:26:03,489 - INFO - [AUDIT] - Rule Activated: CRITICAL_VOLTAGE, Reason: Bus voltage below threshold: 0.18 < 25.50
2025-07-11 04:26:03,489 - INFO - [AUDIT] - Decision: RECOVER_EPS, Reason: Critical voltage, Mode: Nominal
2025-07-11 04:26:03,489 - INFO - [AUDIT] - Rule Activated: CRITICAL_VOLTAGE, Reason: Bus voltage below threshold: 0.18 < 25.50
2025-07-11 04:26:03,489 - INFO - [AUDIT] - Decision: RECOVER_EPS, Reason: Critical voltage, Mode: Nominal
2025-07-11 04:26:03,489 - INFO - [AUDIT] - Rule Activated: CRITICAL_VOLTAGE, Reason: Bus voltage below threshold: 0.18 < 25.50
2025-07-11 04:26:03,489 - INFO - [AUDIT] - Decision: RECOVER_EPS, Reason: Critical voltage, Mode: Nominal
2025-07-11 04:26:03,489 - INFO - [AUDIT] - Rule Activated: CRITICAL_VOLTAGE, Reason: Bus voltage below threshold: 0.18 < 25.50
2025-07-11 04:26:03,489 - INFO - [AUDIT] - Decision: RECOVER_EPS, Reason: Critical voltage, Mode: Nominal
2025-07-11 04:26:03,490 - INFO - [AUDIT] - Rule Activated: CRITICAL_VOLTAGE, Reason: Bus voltage below threshold: 0.18 < 25.50
2025-07-11 04:26:03,490 - INFO - [AUDIT] - Decision: RECOVER_EPS, Reason: Critical voltage, Mode: Nominal
2025-07-11 04:26:03,491 - INFO - [AUDIT] - Rule Activated: CRITICAL_VOLTAGE, Reason: Bus voltage below threshold: 0.18 < 25.50
2025-07-11 04:26:03,491 - INFO - [AUDIT] - Decision: RECOVER_EPS, Reason: Critical voltage, Mode: Nominal
2025-07-11 04:26:03,491 - INFO - [AUDIT] - Rule Activated: CRITICAL_VOLTAGE, Reason: Bus voltage below threshold: 0.18 < 25.50
2025-07-11 04:26:03,491 - INFO - [AUDIT] - Decision: RECOVER_EPS, Reason: Critical voltage, Mode: Nominal
2025-07-11 04:26:03,491 - INFO - [AUDIT] - Rule Activated: CRITICAL_VOLTAGE, Reason: Bus voltage below threshold: 0.18 < 25.50
2025-07-11 04:26:03,491 - INFO - [AUDIT] - Decision: RECOVER_EPS, Reason: Critical voltage, Mode: Nominal
2025-07-11 04:26:03,492 - INFO - [AUDIT] - Rule Activated: CRITICAL_VOLTAGE, Reason: Bus voltage below threshold: 0.18 < 25.50
2025-07-11 04:26:03,492 - INFO - [AUDIT] - Decision: RECOVER_EPS, Reason: Critical voltage, Mode: Nominal
2025-07-11 04:26:03,492 - INFO - [AUDIT] - Rule Activated: CRITICAL_VOLTAGE, Reason: Bus voltage below threshold: 0.18 < 25.50
2025-07-11 04:26:03,492 - INFO - [AUDIT] - Decision: RECOVER_EPS, Reason: Critical voltage, Mode: Nominal
2025-07-11 04:26:03,492 - INFO - [AUDIT] - Rule Activated: CRITICAL_VOLTAGE, Reason: Bus voltage below threshold: 0.18 < 25.50
2025-07-11 04:26:03,492 - INFO - [AUDIT] - Decision: RECOVER_EPS, Reason: Critical voltage, Mode: Nominal
2025-07-11 04:26:03,493 - INFO - [AUDIT] - Rule Activated: CRITICAL_VOLTAGE, Reason: Bus voltage below threshold: 0.18 < 25.50
2025-07-11 04:26:03,493 - INFO - [AUDIT] - Decision: RECOVER_EPS, Reason: Critical voltage, Mode: Nominal
2025-07-11 04:26:03,493 - INFO - [AUDIT] - Rule Activated: CRITICAL_VOLTAGE, Reason: Bus voltage below threshold: 0.18 < 25.50
2025-07-11 04:26:03,493 - INFO - [AUDIT] - Decision: RECOVER_EPS, Reason: Critical voltage, Mode: Nominal
2025-07-11 04:26:03,494 - INFO - [AUDIT] - Rule Activated: CRITICAL_VOLTAGE, Reason: Bus voltage below threshold: 0.18 < 25.50
2025-07-11 04:26:03,494 - INFO - [AUDIT] - Decision: RECOVER_EPS, Reason: Critical voltage, Mode: Nominal
2025-07-11 04:26:03,494 - INFO - [AUDIT] - Rule Activated: CRITICAL_VOLTAGE, Reason: Bus voltage below threshold: 0.18 < 25.50
2025-07-11 04:26:03,494 - INFO - [AUDIT] - Decision: RECOVER_EPS, Reason: Critical voltage, Mode: Nominal
2025-07-11 04:26:03,495 - INFO - [AUDIT] - Rule Activated: CRITICAL_VOLTAGE, Reason: Bus voltage below threshold: 0.18 < 25.50
2025-07-11 04:26:03,495 - INFO - [AUDIT] - Decision: RECOVER_EPS, Reason: Critical voltage, Mode: Nominal
2025-07-11 04:26:03,495 - INFO - [AUDIT] - Rule Activated: CRITICAL_VOLTAGE, Reason: Bus voltage below threshold: 0.18 < 25.50
2025-07-11 04:26:03,495 - INFO - [AUDIT] - Decision: RECOVER_EPS, Reason: Critical voltage, Mode: Nominal
2025-07-11 04:26:03,496 - INFO - [AUDIT] - Rule Activated: CRITICAL_VOLTAGE, Reason: Bus voltage below threshold: 0.18 < 25.50
2025-07-11 04:26:03,496 - INFO - [AUDIT] - Decision: RECOVER_EPS, Reason: Critical voltage, Mode: Nominal
2025-07-11 04:26:03,496 - INFO - [AUDIT] - Rule Activated: CRITICAL_VOLTAGE, Reason: Bus voltage below threshold: 0.18 < 25.50
2025-07-11 04:26:03,496 - INFO - [AUDIT] - Decision: RECOVER_EPS, Reason: Critical voltage, Mode: Nominal
2025-07-11 04:26:03,496 - INFO - [AUDIT] - Rule Activated: CRITICAL_VOLTAGE, Reason: Bus voltage below threshold: 0.18 < 25.50
2025-07-11 04:26:03,496 - INFO - [AUDIT] - Decision: RECOVER_EPS, Reason: Critical voltage, Mode: Nominal
2025-07-11 04:26:03,496 - INFO - [AUDIT] - Rule Activated: CRITICAL_VOLTAGE, Reason: Bus voltage below threshold: 0.18 < 25.50
2025-07-11 04:26:03,496 - INFO - [AUDIT] - Decision: RECOVER_EPS, Reason: Critical voltage, Mode: Nominal
2025-07-11 04:26:03,497 - INFO - [AUDIT] - Rule Activated: CRITICAL_VOLTAGE, Reason: Bus voltage below threshold: 0.18 < 25.50
2025-07-11 04:26:03,497 - INFO - [AUDIT] - Decision: RECOVER_EPS, Reason: Critical voltage, Mode: Nominal
2025-07-11 04:26:03,497 - INFO - [AUDIT] - Rule Activated: CRITICAL_VOLTAGE, Reason: Bus voltage below threshold: 0.18 < 25.50
2025-07-11 04:26:03,497 - INFO - [AUDIT] - Decision: RECOVER_EPS, Reason: Critical voltage, Mode: Nominal
2025-07-11 04:26:03,497 - INFO - [AUDIT] - Rule Activated: CRITICAL_VOLTAGE, Reason: Bus voltage below threshold: 0.18 < 25.50
2025-07-11 04:26:03,497 - INFO - [AUDIT] - Decision: RECOVER_EPS, Reason: Critical voltage, Mode: Nominal
2025-07-11 04:26:03,497 - INFO - [AUDIT] - Rule Activated: CRITICAL_VOLTAGE, Reason: Bus voltage below threshold: 0.18 < 25.50
2025-07-11 04:26:03,497 - INFO - [AUDIT] - Decision: RECOVER_EPS, Reason: Critical voltage, Mode: Nominal
2025-07-11 04:26:03,497 - INFO - [AUDIT] - Rule Activated: CRITICAL_VOLTAGE, Reason: Bus voltage below threshold: 0.18 < 25.50
2025-07-11 04:26:03,497 - INFO - [AUDIT] - Decision: RECOVER_EPS, Reason: Critical voltage, Mode: Nominal
2025-07-11 04:26:03,497 - INFO - [AUDIT] - Rule Activated: CRITICAL_VOLTAGE, Reason: Bus voltage below threshold: 0.18 < 25.50
2025-07-11 04:26:03,497 - INFO - [AUDIT] - Decision: RECOVER_EPS, Reason: Critical voltage, Mode: Nominal
2025-07-11 04:26:03,497 - INFO - [AUDIT] - Rule Activated: CRITICAL_VOLTAGE, Reason: Bus voltage below threshold: 0.18 < 25.50
2025-07-11 04:26:03,498 - INFO - [AUDIT] - Decision: RECOVER_EPS, Reason: Critical voltage, Mode: Nominal
2025-07-11 04:26:03,498 - INFO - [AUDIT] - Rule Activated: CRITICAL_VOLTAGE, Reason: Bus voltage below threshold: 0.18 < 25.50
2025-07-11 04:26:03,498 - INFO - [AUDIT] - Decision: RECOVER_EPS, Reason: Critical voltage, Mode: Nominal
2025-07-11 04:26:03,498 - INFO - [AUDIT] - Rule Activated: CRITICAL_VOLTAGE, Reason: Bus voltage below threshold: 0.18 < 25.50
2025-07-11 04:26:03,498 - INFO - [AUDIT] - Decision: RECOVER_EPS, Reason: Critical voltage, Mode: Nominal
2025-07-11 04:26:03,498 - INFO - [AUDIT] - Rule Activated: CRITICAL_VOLTAGE, Reason: Bus voltage below threshold: 0.18 < 25.50
2025-07-11 04:26:03,498 - INFO - [AUDIT] - Decision: RECOVER_EPS, Reason: Critical voltage, Mode: Nominal
